(\x.(\f.(f x)))
((S ((S (K S)) (K I))) ((S (K K)) I))

