2 : 3 : 4 : Nil
Bin (Leaf 2) (Leaf 3)
Bin (Leaf 2) (Leaf 3)
Bin (Leaf 2) (Leaf 3)
Bin (Leaf 1) (Leaf 2)
